{
    "root":"CT#14494-4.bc",
    "leaves":[
        "func1",
        "funct2"
    ]
)